gcc -std=c99 -Wall -Wextra -g -o exoplanet-finder exoplanet-finder.c -lssh -ljansson
